-- create table <name> (c1 int, c2 text)
--   with (appendonly=true, compresstype=quicklz)
\! pg_filedump -z -M -k -T quicklz -L 1 test/ao.quicklz.gp4

*******************************************************************
* PostgreSQL File/Block Formatted Dump Utility
*
* File: test/ao.quicklz.gp4
* Options used: -z -M -k -T quicklz -L 1
*******************************************************************

 Initial Bytes Read = 656

***** Block    0 Start ***( Position:    0) *************************
<AO Header> -----
 HeaderKind: 1 
 Header Checksum Valid (checksum 0xde0b153b)
(AoHeaderKind_SmallContent)
 executorBlockKind: 1 rowCount: 31
 headerLen: 24 uncompressedLen: 566 compressedLen: 304
 firstRowNumber: 1
Content checksum valid (checksum: 0x9476fff1)

***** Block    0 End (Total Block length:  328) ******************
 Initial Bytes Read = 328

***** Block    1 Start ***( Position:  328) *************************
<AO Header> -----
 HeaderKind: 1 
 Header Checksum Valid (checksum 0xa7e9fbc2)
(AoHeaderKind_SmallContent)
 executorBlockKind: 1 rowCount: 31
 headerLen: 24 uncompressedLen: 566 compressedLen: 304
 firstRowNumber: 101
Content checksum valid (checksum: 0x55836616)

***** Block    1 End (Total Block length:  328) ******************
 Initial Bytes Read = 0

 Done DumpAppendOnlyFileContents.....
-- create table <name> (c1 int, c2 text)
--   with (appendonly=true, orientation=column, compresstype=quicklz)
\! pg_filedump -z -M -k -O column -T quicklz -L 1 test/co.quicklz.gp4

*******************************************************************
* PostgreSQL File/Block Formatted Dump Utility
*
* File: test/co.quicklz.gp4
* Options used: -z -M -k -O column -T quicklz -L 1
*******************************************************************

 Initial Bytes Read = 304

***** Block    0 Start ***( Position:    0) *************************
<AO Header> -----
 HeaderKind: 1 
 Header Checksum Valid (checksum 0x3b600ac4)
(AoHeaderKind_SmallContent)
 executorBlockKind: 1 rowCount: 31
 headerLen: 24 uncompressedLen: 140 compressedLen: 121
 firstRowNumber: 1
Content checksum valid (checksum: 0x0ffbc96b)

	<AO Content Info> -----
	 Decompressing using "QUICKLZ" with compressionLevel: 1
	 DatumStreamVersion_Original  flags: 0
	 ndatum: 31 nullSize: 0 Size: 124
***** Block    0 End (Total Block length:  152) ******************
 Initial Bytes Read = 152

***** Block    1 Start ***( Position:  152) *************************
<AO Header> -----
 HeaderKind: 1 
 Header Checksum Valid (checksum 0xaf70a6e1)
(AoHeaderKind_SmallContent)
 executorBlockKind: 1 rowCount: 31
 headerLen: 24 uncompressedLen: 140 compressedLen: 121
 firstRowNumber: 101
Content checksum valid (checksum: 0xce059fc3)

	<AO Content Info> -----
	 Decompressing using "QUICKLZ" with compressionLevel: 1
	 DatumStreamVersion_Original  flags: 0
	 ndatum: 31 nullSize: 0 Size: 124
***** Block    1 End (Total Block length:  152) ******************
 Initial Bytes Read = 0

 Done DumpAppendOnlyFileContents.....
