-- create table <name> (c1 int, c2 text)
--   with (appendonly=true, compresstype=quicklz)
\! pg_filedump -z -M -k -T quicklz -L 1 test/ao.quicklz.gp6

*******************************************************************
* PostgreSQL File/Block Formatted Dump Utility
*
* File: test/ao.quicklz.gp6
* Options used: -z -M -k -T quicklz -L 1
*******************************************************************

 Initial Bytes Read = 784

***** Block    0 Start ***( Position:    0) *************************
<AO Header> -----
 HeaderKind: 1 
 Header Checksum Valid (checksum 0x7f2c0250)
(AoHeaderKind_SmallContent)
 executorBlockKind: 1 rowCount: 38
 headerLen: 24 uncompressedLen: 692 compressedLen: 361
 firstRowNumber: 1
Content checksum valid (checksum: 0x468df5ed)

***** Block    0 End (Total Block length:  392) ******************
 Initial Bytes Read = 392

***** Block    1 Start ***( Position:  392) *************************
<AO Header> -----
 HeaderKind: 1 
 Header Checksum Valid (checksum 0xcda948d9)
(AoHeaderKind_SmallContent)
 executorBlockKind: 1 rowCount: 38
 headerLen: 24 uncompressedLen: 692 compressedLen: 361
 firstRowNumber: 101
Content checksum valid (checksum: 0x5ddcab38)

***** Block    1 End (Total Block length:  392) ******************
 Initial Bytes Read = 0

 Done DumpAppendOnlyFileContents.....
-- create table <name> (c1 int, c2 text)
--   with (appendonly=true, orientation=column, compresstype=quicklz)
\! pg_filedump -z -M -k -O column -T quicklz -L 1 test/co.quicklz.gp6

*******************************************************************
* PostgreSQL File/Block Formatted Dump Utility
*
* File: test/co.quicklz.gp6
* Options used: -z -M -k -O column -T quicklz -L 1
*******************************************************************

 Initial Bytes Read = 336

***** Block    0 Start ***( Position:    0) *************************
<AO Header> -----
 HeaderKind: 1 
 Header Checksum Valid (checksum 0xb11f3120)
(AoHeaderKind_SmallContent)
 executorBlockKind: 1 rowCount: 38
 headerLen: 24 uncompressedLen: 168 compressedLen: 143
 firstRowNumber: 1
Content checksum valid (checksum: 0xb90011fa)

	<AO Content Info> -----
	 Decompressing using "QUICKLZ" with compressionLevel: 1
	 DatumStreamVersion_Original  flags: 0
	 ndatum: 38 nullSize: 0 Size: 152
***** Block    0 End (Total Block length:  168) ******************
 Initial Bytes Read = 168

***** Block    1 Start ***( Position:  168) *************************
<AO Header> -----
 HeaderKind: 1 
 Header Checksum Valid (checksum 0x690eb9f0)
(AoHeaderKind_SmallContent)
 executorBlockKind: 1 rowCount: 38
 headerLen: 24 uncompressedLen: 168 compressedLen: 143
 firstRowNumber: 101
Content checksum valid (checksum: 0x59a18c65)

	<AO Content Info> -----
	 Decompressing using "QUICKLZ" with compressionLevel: 1
	 DatumStreamVersion_Original  flags: 0
	 ndatum: 38 nullSize: 0 Size: 152
***** Block    1 End (Total Block length:  168) ******************
 Initial Bytes Read = 0

 Done DumpAppendOnlyFileContents.....
