-- create table <name> (c1 int, c2 text)
--   with (appendonly=true, compresstype=zlib)
\! pg_filedump -z -M -k -T zlib test/ao.zlib.gp6

*******************************************************************
* PostgreSQL File/Block Formatted Dump Utility
*
* File: test/ao.zlib.gp6
* Options used: -z -M -k -T zlib
*******************************************************************

 Initial Bytes Read = 624

***** Block    0 Start ***( Position:    0) *************************
<AO Header> -----
 HeaderKind: 1 
 Header Checksum Valid (checksum 0x966160f8)
(AoHeaderKind_SmallContent)
 executorBlockKind: 1 rowCount: 38
 headerLen: 24 uncompressedLen: 692 compressedLen: 282
 firstRowNumber: 1
Content checksum valid (checksum: 0xb36507cb)

***** Block    0 End (Total Block length:  312) ******************
 Initial Bytes Read = 312

***** Block    1 Start ***( Position:  312) *************************
<AO Header> -----
 HeaderKind: 1 
 Header Checksum Valid (checksum 0x1a359a99)
(AoHeaderKind_SmallContent)
 executorBlockKind: 1 rowCount: 38
 headerLen: 24 uncompressedLen: 692 compressedLen: 282
 firstRowNumber: 101
Content checksum valid (checksum: 0x238fe127)

***** Block    1 End (Total Block length:  312) ******************
 Initial Bytes Read = 0

 Done DumpAppendOnlyFileContents.....
-- create table <name> (c1 int, c2 text)
--   with (appendonly=true, orientation=column, compresstype=zlib)
\! pg_filedump -z -M -k -O column -T zlib test/co.zlib.gp6

*******************************************************************
* PostgreSQL File/Block Formatted Dump Utility
*
* File: test/co.zlib.gp6
* Options used: -z -M -k -O column -T zlib
*******************************************************************

 Initial Bytes Read = 240

***** Block    0 Start ***( Position:    0) *************************
<AO Header> -----
 HeaderKind: 1 
 Header Checksum Valid (checksum 0x368292ac)
(AoHeaderKind_SmallContent)
 executorBlockKind: 1 rowCount: 38
 headerLen: 24 uncompressedLen: 168 compressedLen: 91
 firstRowNumber: 1
Content checksum valid (checksum: 0xf2163d87)

	<AO Content Info> -----
	 Decompressing using "ZLIB" with compressionLevel: 0
	 DatumStreamVersion_Original  flags: 0
	 ndatum: 38 nullSize: 0 Size: 152
***** Block    0 End (Total Block length:  120) ******************
 Initial Bytes Read = 120

***** Block    1 Start ***( Position:  120) *************************
<AO Header> -----
 HeaderKind: 1 
 Header Checksum Valid (checksum 0xd73b437d)
(AoHeaderKind_SmallContent)
 executorBlockKind: 1 rowCount: 38
 headerLen: 24 uncompressedLen: 168 compressedLen: 91
 firstRowNumber: 101
Content checksum valid (checksum: 0x914c4e63)

	<AO Content Info> -----
	 Decompressing using "ZLIB" with compressionLevel: 0
	 DatumStreamVersion_Original  flags: 0
	 ndatum: 38 nullSize: 0 Size: 152
***** Block    1 End (Total Block length:  120) ******************
 Initial Bytes Read = 0

 Done DumpAppendOnlyFileContents.....
