-- control file
\! pg_filedump -c test/pg_control.gp7_12

*******************************************************************
* PostgreSQL File/Block Formatted Dump Utility
*
* File: test/pg_control.gp7_12
* Options used: -c
*******************************************************************

<pg_control Contents> *********************************************

                          CRC: Correct
           pg_control Version: 12010700
              Catalog Version: 302009141
            System Identifier: 6885218088353621724
                        State: IN PRODUCTION
                Last Mod Time: Thu Oct 22 14:45:00 2020
       Last Checkpoint Record: Log File (0) Offset (0x05121580)
  Last Checkpoint Record Redo: Log File (0) Offset (0x05121548)
          |-       TimeLineID: 1
          |-         Next XID: 0/519
          |-         Next OID: 49152
          |- Next Relfilenode: 24576
          |-       Next Multi: 1
          |-    Next MultiOff: 0
          |-             Time: Thu Oct 22 14:45:00 2020
       Minimum Recovery Point: Log File (0) Offset (0x00000000)
          Backup Start Record: Log File (0) Offset (0x00000000)
            Backup End Record: Log File (0) Offset (0x00000000)
End-of-Backup Record Required: no
       Maximum Data Alignment: 8
        Floating-Point Sample: 1234567
          Database Block Size: 32768
           Blocks Per Segment: 32768
              XLOG Block Size: 32768
            XLOG Segment Size: 67108864
    Maximum Identifier Length: 64
           Maximum Index Keys: 32
             TOAST Chunk Size: 8140

